../Core/Src/main.c:139:6:clear_buffer	16	static
../Core/Src/main.c:155:6:clear_byte	16	static
../Core/Src/main.c:171:6:print_all_received_messages	64	static
../Core/Src/main.c:189:6:handle_receive	32	static
../Core/Src/main.c:248:6:HAL_UART_RxCpltCallback	16	static
../Core/Src/main.c:278:6:HAL_UART_TxCpltCallback	16	static
../Core/Src/main.c:290:5:main	8	static
../Core/Src/main.c:379:6:SystemClock_Config	160	static
../Core/Src/main.c:429:13:MX_USART1_UART_Init	8	static
../Core/Src/main.c:464:13:MX_USART2_UART_Init	8	static
../Core/Src/main.c:499:13:MX_USART3_UART_Init	8	static
../Core/Src/main.c:532:13:MX_DMA_Init	16	static
../Core/Src/main.c:553:13:MX_GPIO_Init	48	static
../Core/Src/main.c:598:6:Task1_App	16	static
../Core/Src/main.c:648:6:Task2_App	16	static
../Core/Src/main.c:667:6:HAL_TIM_PeriodElapsedCallback	16	static
../Core/Src/main.c:685:6:Error_Handler	4	static,ignoring_inline_asm
