../Core/Src/main.c:138:6:clear_buffer	16	static
../Core/Src/main.c:154:6:clear_byte	16	static
../Core/Src/main.c:170:6:print_all_received_messages	64	static
../Core/Src/main.c:188:6:handle_receive	32	static
../Core/Src/main.c:244:6:HAL_UART_RxCpltCallback	16	static
../Core/Src/main.c:274:6:HAL_UART_TxCpltCallback	16	static
../Core/Src/main.c:286:5:main	8	static
../Core/Src/main.c:375:6:SystemClock_Config	160	static
../Core/Src/main.c:425:13:MX_USART1_UART_Init	8	static
../Core/Src/main.c:460:13:MX_USART2_UART_Init	8	static
../Core/Src/main.c:495:13:MX_USART3_UART_Init	8	static
../Core/Src/main.c:528:13:MX_DMA_Init	16	static
../Core/Src/main.c:549:13:MX_GPIO_Init	48	static
../Core/Src/main.c:594:6:Task1_App	16	static
../Core/Src/main.c:643:6:Task2_App	16	static
../Core/Src/main.c:662:6:HAL_TIM_PeriodElapsedCallback	16	static
../Core/Src/main.c:680:6:Error_Handler	4	static,ignoring_inline_asm
