../Core/Src/stm32f3xx_it.c:75:6:NMI_Handler	4	static
../Core/Src/stm32f3xx_it.c:90:6:HardFault_Handler	4	static
../Core/Src/stm32f3xx_it.c:105:6:MemManage_Handler	4	static
../Core/Src/stm32f3xx_it.c:120:6:BusFault_Handler	4	static
../Core/Src/stm32f3xx_it.c:135:6:UsageFault_Handler	4	static
../Core/Src/stm32f3xx_it.c:150:6:DebugMon_Handler	4	static
../Core/Src/stm32f3xx_it.c:170:6:DMA1_Channel3_IRQHandler	8	static
../Core/Src/stm32f3xx_it.c:184:6:DMA1_Channel5_IRQHandler	8	static
../Core/Src/stm32f3xx_it.c:198:6:USART1_IRQHandler	8	static
../Core/Src/stm32f3xx_it.c:212:6:USART2_IRQHandler	8	static
../Core/Src/stm32f3xx_it.c:226:6:USART3_IRQHandler	8	static
../Core/Src/stm32f3xx_it.c:240:6:TIM6_DAC_IRQHandler	8	static
